2026-03-01 09:44:43 [    INFO] test_quote: REQUEST: /quote | Method: GET | Full URL: https://li.quest/v1/quote?fromChain=ETH&toChain=POL&fromToken=0x0000000000000000000000000000000000000000&toToken=0x0000000000000000000000000000000000000000&fromAmount=1000000000000000000&fromAddress=0x000000000000000000000000000000000000dead | Params: {'fromChain': 'ETH', 'toChain': 'POL', 'fromToken': '0x0000000000000000000000000000000000000000', 'toToken': '0x0000000000000000000000000000000000000000', 'fromAmount': '1000000000000000000', 'fromAddress': '0x000000000000000000000000000000000000dead'} | Headers: {}
2026-03-01 09:44:43 [    INFO] test_quote: RESPONSE: Status 429 | Body: {"message":"Rate limit exceeded, retry in 1 hour","code":1005}
